C51 COMPILER V9.00   1602LEFT                                                              12/06/2016 10:14:10 PAGE 1   


C51 COMPILER V9.00, COMPILATION OF MODULE 1602LEFT
OBJECT MODULE PLACED IN 1602left.OBJ
COMPILER INVOKED BY: D:\Program Files\Keil5\C51\BIN\C51.EXE 1602left.c OPTIMIZE(8,SPEED) BROWSE DEBUG OBJECTEXTEND TABS(
                    -2)

line level    source

*** WARNING C500 IN LINE 1 OF 1602LEFT.C: LICENSE ERROR (R208: RENEW LICENSE ID CODE (LIC))

   1          #include <reg52.h>
   2          //#include <intrins.h>
   3          #include <stdlib.h>
   4          #define uint unsigned int
   5          #define uchar unsigned char
   6          uchar code table[]="iloveyou";
   7          uchar code table1[]="ilovemcu";
   8          sbit leden=P3^4;//EN
   9          sbit ledrs=P3^5;//RS
  10          sbit ledrw=P3^6;//RW
  11          sbit dula=P2^6;
  12          sbit wela=P2^7;
  13          uchar num;
  14          uchar code a[]="cccd";
  15          void delay(uint z){
  16   1        uint x,y;
  17   1        for(x=z;x>0;x--)
  18   1          for(y=114;y>0;y--);
  19   1      }
  20          void write_com(uchar com){
  21   1        ledrs=0;
  22   1        //ledrw=0;
  23   1        P2=com;
  24   1        P0=com;
  25   1        delay(5);
  26   1        leden=1;
  27   1        delay(5);
  28   1        leden=0;
  29   1      }
  30          void write_data(uchar date){
  31   1        ledrs=1;
  32   1        //ledrw=0;
  33   1        P2=date;
  34   1        P0=date;
  35   1        delay(5);
  36   1        leden=1;
  37   1        delay(5);
  38   1        leden=0;
  39   1      }
  40          //show a random number
  41          void init(){
  42   1        //dula=0;
  43   1        //wela=0;
  44   1        leden=0;
  45   1        ledrw=0;
  46   1        P2=0x00;
  47   1        write_com(0x38);
  48   1        write_com(0x0c);
  49   1        write_com(0x06);
  50   1        write_com(0x01);
  51   1      }
  52          //main
  53          void main(){
C51 COMPILER V9.00   1602LEFT                                                              12/06/2016 10:14:10 PAGE 2   

  54   1        init();
  55   1        write_com(0x80+0x10);
  56   1        for(num=0;num<8;num++){
  57   2          write_data(table[num]);
  58   2          delay(5);
  59   2        }
  60   1        //change address
  61   1        write_com(0x80+0x50);
  62   1        for(num=0;num<8;num++){
  63   2          write_data(table1[num]);
  64   2          delay(5);
  65   2        }
  66   1        for(num=0;num<8;num++){
  67   2          write_com(0x18);
  68   2          delay(2000);
  69   2        }
  70   1        while(1);
  71   1      }


MODULE INFORMATION:   STATIC OVERLAYABLE
   CODE SIZE        =    179    ----
   CONSTANT SIZE    =     23    ----
   XDATA SIZE       =   ----    ----
   PDATA SIZE       =   ----    ----
   DATA SIZE        =      1    ----
   IDATA SIZE       =   ----    ----
   BIT SIZE         =   ----    ----
END OF MODULE INFORMATION.


C51 COMPILATION COMPLETE.  1 WARNING(S),  0 ERROR(S)
