C51 COMPILER V9.00   UART2                                                                 10/20/2016 09:25:27 PAGE 1   


C51 COMPILER V9.00, COMPILATION OF MODULE UART2
OBJECT MODULE PLACED IN .\Objects\uart2.obj
COMPILER INVOKED BY: C:\Keil_v5\C51\BIN\C51.EXE uart2.c OPTIMIZE(8,SPEED) BROWSE DEBUG OBJECTEXTEND PRINT(.\Listings\uar
                    -t2.lst) TABS(2) OBJECT(.\Objects\uart2.obj)

line level    source

   1          #include <reg52.h>
   2          void ConfigUART(unsigned int baud);
   3          unsigned char a,b;
   4          sbit feng=P2^3;
   5          sbit led1=P1^0;
   6          sbit led2=P1^1;
   7          void main(){
   8   1        ConfigUART(9600);
   9   1        while(1){
  10   2          while(!RI);
  11   2          RI=0;
  12   2          
  13   2          //P1=SBUF;//接收缓冲器中的值赋值给P1口
  14   2          b=SBUF;
  15   2          a=b;
  16   2          SBUF=a;
  17   2          
  18   2          //注解
  19   2          //串口助手发送过去的数字为16进制，比如30实际上就是十进制的48，在做switch判断的时候应该判断
  20   2          //十进制数字48
  21   2          /*if(b>31){
  22   2            P1=b;
  23   2            feng=0;
  24   2          }else{
  25   2            P1=0xf0;
  26   2            feng=1;
  27   2          }*/
  28   2          switch(b){
  29   3            //发送'1'，十六进制为31，十进制为49
  30   3            case 49:
  31   3              led1=0;
  32   3              led2=0;
  33   3              break;
  34   3            case 50:
  35   3              led1=0;
  36   3              led2=1;
  37   3              break;
  38   3            case 51:
  39   3              led1=1;
  40   3              led2=0;
  41   3              break;
  42   3            case 52:
  43   3              led1=1;
  44   3              led2=1;
  45   3              break;
  46   3            case 53:
  47   3              feng=0;
  48   3              break;
  49   3            default:
  50   3              P1=0xff;
  51   3              break;
  52   3          }
  53   2          while(!TI);
  54   2          TI=0;
C51 COMPILER V9.00   UART2                                                                 10/20/2016 09:25:27 PAGE 2   

  55   2        }
  56   1      }
  57          void ConfigUART(unsigned int baud){
  58   1        SCON=0x50;
  59   1        TMOD&=0x0f;
  60   1        TMOD|=0x20;
  61   1        TH1=256-(11059200/12/32)/baud;
  62   1        TL1=TH1;
  63   1        ET1=0;//可以省略
  64   1        TR1=1;//启动定时器
  65   1      }


MODULE INFORMATION:   STATIC OVERLAYABLE
   CODE SIZE        =    116    ----
   CONSTANT SIZE    =   ----    ----
   XDATA SIZE       =   ----    ----
   PDATA SIZE       =   ----    ----
   DATA SIZE        =      2    ----
   IDATA SIZE       =   ----    ----
   BIT SIZE         =   ----    ----
END OF MODULE INFORMATION.


C51 COMPILATION COMPLETE.  0 WARNING(S),  0 ERROR(S)
