C51 COMPILER V9.00   INTERRUPT                                                             11/04/2016 10:47:56 PAGE 1   


C51 COMPILER V9.00, COMPILATION OF MODULE INTERRUPT
OBJECT MODULE PLACED IN .\Objects\interrupt.obj
COMPILER INVOKED BY: D:\Program Files\Keil5\C51\BIN\C51.EXE interrupt.c OPTIMIZE(8,SPEED) BROWSE DEBUG OBJECTEXTEND PRIN
                    -T(.\Listings\interrupt.lst) TABS(2) OBJECT(.\Objects\interrupt.obj)

line level    source

*** WARNING C500 IN LINE 1 OF INTERRUPT.C: LICENSE ERROR (R208: RENEW LICENSE ID CODE (LIC))

   1          #include <reg52.h>
   2          #define uint unsigned int
   3          #define uchar unsigned char
   4          sbit int0=P3^4;
   5          sbit led1=P2^0;
   6          sbit led5=P1^5;
   7          uchar count;
   8          void delayms(uint time){
   9   1        uint x,y;
  10   1        for(x=time;x>0;x--)
  11   1          for(y=110;y>0;y--);
  12   1      }
  13          void main(){
  14   1        TMOD=0x05;
  15   1        TR0=1;
  16   1        EA=1;
  17   1        ET0=1;
  18   1        while(1){
  19   2          led1=0;
  20   2          //delayms(1);
  21   2          led1=1;
  22   2          //delayms(1);
  23   2        }
  24   1      }
  25          
  26          void int_out() interrupt 1{
  27   1        count++;
  28   1        if(count==2){
  29   2          led5=~led5;
  30   2        }
  31   1        
  32   1      }


MODULE INFORMATION:   STATIC OVERLAYABLE
   CODE SIZE        =     63    ----
   CONSTANT SIZE    =   ----    ----
   XDATA SIZE       =   ----    ----
   PDATA SIZE       =   ----    ----
   DATA SIZE        =      1    ----
   IDATA SIZE       =   ----    ----
   BIT SIZE         =   ----    ----
END OF MODULE INFORMATION.


C51 COMPILATION COMPLETE.  1 WARNING(S),  0 ERROR(S)
