C51 COMPILER V9.01   MAIN2                                                                 09/29/2016 20:44:48 PAGE 1   


C51 COMPILER V9.01, COMPILATION OF MODULE MAIN2
OBJECT MODULE PLACED IN main2.OBJ
COMPILER INVOKED BY: C:\Keil\C51\BIN\C51.EXE main2.c BROWSE DEBUG OBJECTEXTEND

line level    source

   1          #include <reg52.h>
   2          typedef unsigned int uint;
   3          typedef unsigned char uchar;
   4          
   5          sbit RS=P3^5;
   6          sbit RW=P3^6;
   7          sbit EN=P3^4;
   8          //whether lcd is busy,busy wait
   9          void Read_Busy(){
  10   1              uchar busy;
  11   1              P0=0xff;
  12   1              RS=0;
  13   1              RW=1;
  14   1              do{
  15   2                      EN=1;
  16   2                      busy=P0;
  17   2                      EN=0;
  18   2              }while(busy & 0x80);
  19   1      }
  20          //write command
  21          void Write_Cmd(uchar cmd){
  22   1              //busy or not
  23   1              Read_Busy();
  24   1              RS=0;
  25   1              RW=0;
  26   1              P0=cmd;
  27   1              EN=1;
  28   1              EN=0;
  29   1      }
  30          //write a byte
  31          void Write_Data(uchar dat){
  32   1              Read_Busy();
  33   1              RS=1;
  34   1              RW=0;
  35   1              P0=dat;
  36   1              EN=1;
  37   1              EN=0;
  38   1      }
  39          //write a string
  40          void max(uchar a,uchar b,uchar *max){
  41   1              *max=(a>b)?a:b;
  42   1      }
  43          //main
  44          void main(){
  45   1              //settings
  46   1              //define an array
  47   1              //uchar i;
  48   1              //uchar a[10]={0,1,2,3,4,5,6,7,8,9};
  49   1              // uchar a[]={"monday"};
  50   1              uint k=1000;
  51   1              uchar i;
  52   1              uchar *a[]={"Monday","Tuesday","Wednesday"};
  53   1              uchar *pa;
  54   1              Write_Cmd(0x38);
  55   1              Write_Cmd(0x0f);
C51 COMPILER V9.01   MAIN2                                                                 09/29/2016 20:44:48 PAGE 2   

  56   1              Write_Cmd(0x01);
  57   1              Write_Cmd(0x07);
  58   1              //
  59   1              Write_Cmd(0x80 | 0x0F);
  60   1              //pa=&a[1];
  61   1              //Write_Data(*pa+'0');
  62   1              //for(i=0;i<10;i++){
  63   1                      //Write_Data('0'+*(pa+i));
  64   1                      //µÈ¼ÛÓÚWrite_Data('0'+*pa++);
  65   1              //}
  66   1              // pa=&a;
  67   1              // while(*pa!='\0'){
  68   1              //      Write_Data(*pa++);
  69   1              // }
  70   1              for(i=0;i<3;i++){
  71   2                      pa=a[i];
  72   2                  while(*pa!='\0'){
  73   3                          Write_Data(*pa++);
  74   3                          while(k--);
  75   3                  }
  76   2              }
  77   1              //Write_Data('0'+*(pa+1));
  78   1              //Write_Data('b');
  79   1              //Write_Data('c');
  80   1      
  81   1              while(1);
  82   1      }


MODULE INFORMATION:   STATIC OVERLAYABLE
   CODE SIZE        =    185    ----
   CONSTANT SIZE    =     34    ----
   XDATA SIZE       =   ----    ----
   PDATA SIZE       =   ----    ----
   DATA SIZE        =   ----      14
   IDATA SIZE       =   ----    ----
   BIT SIZE         =   ----    ----
END OF MODULE INFORMATION.


C51 COMPILATION COMPLETE.  0 WARNING(S),  0 ERROR(S)
