BL51 BANKED LINKER/LOCATER V6.05                                                        09/20/2016  17:25:46  PAGE 1


BL51 BANKED LINKER/LOCATER V6.05, INVOKED BY:
C:\KEIL\C51\BIN\BL51.EXE STARTUP.obj, Text1.obj TO test RAMSIZE (256)


MEMORY MODEL: SMALL


INPUT MODULES INCLUDED:
  STARTUP.obj (?C_STARTUP)
  Text1.obj (TEXT1)


LINK MAP OF MODULE:  test (?C_STARTUP)


            TYPE    BASE      LENGTH    RELOCATION   SEGMENT NAME
            -----------------------------------------------------

            * * * * * * *   D A T A   M E M O R Y   * * * * * * *
            REG     0000H     0008H     ABSOLUTE     "REG BANK 0"
            DATA    0008H     0001H     UNIT         ?DT?TEXT1
            IDATA   0009H     0001H     UNIT         ?STACK

            * * * * * * *   C O D E   M E M O R Y   * * * * * * *
            CODE    0000H     0003H     ABSOLUTE     
            CODE    0003H     0025H     UNIT         ?PR?_DELAY?TEXT1
            CODE    0028H     0025H     UNIT         ?PR?MAIN?TEXT1
            CODE    004DH     000CH     UNIT         ?C_C51STARTUP



OVERLAY MAP OF MODULE:   test (?C_STARTUP)


SEGMENT
  +--> CALLED SEGMENT
---------------------
?C_C51STARTUP
  +--> ?PR?MAIN?TEXT1

?PR?MAIN?TEXT1
  +--> ?PR?_DELAY?TEXT1



SYMBOL TABLE OF MODULE:  test (?C_STARTUP)

  VALUE           TYPE          NAME
  ----------------------------------

  -------         MODULE        ?C_STARTUP
  C:004DH         SEGMENT       ?C_C51STARTUP
  I:0009H         SEGMENT       ?STACK
  C:0000H         PUBLIC        ?C_STARTUP
  D:00E0H         SYMBOL        ACC
  D:00F0H         SYMBOL        B
  D:0083H         SYMBOL        DPH
  D:0082H         SYMBOL        DPL
BL51 BANKED LINKER/LOCATER V6.05                                                      09/20/2016  17:25:46  PAGE 2


  N:0000H         SYMBOL        IBPSTACK
  N:0100H         SYMBOL        IBPSTACKTOP
  N:0080H         SYMBOL        IDATALEN
  C:0050H         SYMBOL        IDATALOOP
  N:0000H         SYMBOL        PBPSTACK
  N:0100H         SYMBOL        PBPSTACKTOP
  N:0000H         SYMBOL        PDATALEN
  N:0000H         SYMBOL        PDATASTART
  N:0000H         SYMBOL        PPAGE
  N:0000H         SYMBOL        PPAGEENABLE
  D:00A0H         SYMBOL        PPAGE_SFR
  D:0081H         SYMBOL        SP
  C:004DH         SYMBOL        STARTUP1
  N:0000H         SYMBOL        XBPSTACK
  N:0000H         SYMBOL        XBPSTACKTOP
  N:0000H         SYMBOL        XDATALEN
  N:0000H         SYMBOL        XDATASTART
  C:0000H         LINE#         126
  C:004DH         LINE#         133
  C:004FH         LINE#         134
  C:0050H         LINE#         135
  C:0051H         LINE#         136
  C:0053H         LINE#         185
  C:0056H         LINE#         196
  -------         ENDMOD        ?C_STARTUP

  -------         MODULE        TEXT1
  C:0000H         SYMBOL        _ICE_DUMMY_
  D:0090H         PUBLIC        P1
  D:00B0H         PUBLIC        P3
  D:00A8H         PUBLIC        IE
  C:0003H         PUBLIC        _delay
  D:00B8H         PUBLIC        IP
  C:0028H         PUBLIC        main
  D:0098H         PUBLIC        SCON
  D:0088H         PUBLIC        TCON
  D:0008H         PUBLIC        a
  D:00C8H         PUBLIC        T2CON
  D:00D0H         PUBLIC        PSW
  -------         PROC          _DELAY
  D:0006H         SYMBOL        time1
  D:0004H         SYMBOL        time2
  -------         DO            
  D:0006H         SYMBOL        i
  D:0002H         SYMBOL        j
  -------         ENDDO         
  C:0003H         LINE#         40
  C:0003H         LINE#         42
  C:000CH         LINE#         43
  C:0027H         LINE#         44
  -------         ENDPROC       _DELAY
  -------         PROC          MAIN
  C:0028H         LINE#         47
  C:0028H         LINE#         48
  C:002BH         LINE#         49
  C:002BH         LINE#         50
  C:0031H         LINE#         51
BL51 BANKED LINKER/LOCATER V6.05                                                      09/20/2016  17:25:46  PAGE 3


  C:0033H         LINE#         52
  C:003EH         LINE#         53
  C:0042H         LINE#         54
  C:0045H         LINE#         55
  C:004BH         LINE#         56
  C:004BH         LINE#         57
  -------         ENDPROC       MAIN
  -------         ENDMOD        TEXT1

Program Size: data=10.0 xdata=0 code=89
LINK/LOCATE RUN COMPLETE.  0 WARNING(S),  0 ERROR(S)
