C51 COMPILER V9.00   XUNJI                                                                 11/18/2016 13:29:44 PAGE 1   


C51 COMPILER V9.00, COMPILATION OF MODULE XUNJI
OBJECT MODULE PLACED IN .\Objects\xunji.obj
COMPILER INVOKED BY: D:\Program Files\Keil5\C51\BIN\C51.EXE xunji.c OPTIMIZE(8,SPEED) BROWSE DEBUG OBJECTEXTEND PRINT(.\
                    -Listings\xunji.lst) TABS(2) OBJECT(.\Objects\xunji.obj)

line level    source

*** WARNING C500 IN LINE 1 OF XUNJI.C: LICENSE ERROR (R208: RENEW LICENSE ID CODE (LIC))

   1          #include <reg52.h>
   2          #define uint unsigned int
   3          #define uchar unsigned char
   4          sbit out1=P0^0;
   5          sbit out2=P0^1;
   6          sbit out3=P0^2;
   7          sbit out4=P0^3;
   8          
   9          sbit led1=P1^0;
  10          sbit led2=P1^1;
  11          sbit led3=P1^2;
  12          sbit led4=P1^3;
  13          void main(){
  14   1        //out=0  not_black;
  15   1        //out=1  is_black;
  16   1        while(1){
  17   2        if(out1==0){
  18   3          led1=1;
  19   3        }else{
  20   3          led1=0;
  21   3        }
  22   2        if(out2==0){
  23   3          led2=1;
  24   3        }else{
  25   3          led2=0;
  26   3        }
  27   2        if(out3==0){
  28   3          led3=1;
  29   3        }else{
  30   3          led3=0;
  31   3        }
  32   2        if(out4==0){
  33   3          led4=1;
  34   3        }else{
  35   3          led4=0;
  36   3        }
  37   2        }
  38   1      }


MODULE INFORMATION:   STATIC OVERLAYABLE
   CODE SIZE        =     38    ----
   CONSTANT SIZE    =   ----    ----
   XDATA SIZE       =   ----    ----
   PDATA SIZE       =   ----    ----
   DATA SIZE        =   ----    ----
   IDATA SIZE       =   ----    ----
   BIT SIZE         =   ----    ----
END OF MODULE INFORMATION.


C51 COMPILATION COMPLETE.  1 WARNING(S),  0 ERROR(S)
